11-08 17:41:33 com_github_MitjaNemec_PlaceFootprints.action_place_footprints 674:Plugin executed on: 'win32'
11-08 17:41:33 com_github_MitjaNemec_PlaceFootprints.action_place_footprints 675:Plugin executed with python version: '3.11.5 (main, Jun 15 2025, 06:45:45) [MSC v.1942 64 bit (AMD64)]'
11-08 17:41:33 com_github_MitjaNemec_PlaceFootprints.action_place_footprints 676:KiCad build version: 9.0.3
11-08 17:41:33 com_github_MitjaNemec_PlaceFootprints.action_place_footprints 677:Plugin version: 4.0.1
11-08 17:41:33 com_github_MitjaNemec_PlaceFootprints.action_place_footprints 678:Frame repr: <wx._core.Frame object at 0x000001FF4A420D30>
11-08 17:41:33 com_github_MitjaNemec_PlaceFootprints.place_footprints 121:getting a list of all footprints on board
11-08 17:41:33 com_github_MitjaNemec_PlaceFootprints.place_footprints 156:Footprint P105 on root level
11-08 17:41:33 com_github_MitjaNemec_PlaceFootprints.place_footprints 156:Footprint P101 on root level
11-08 17:41:33 com_github_MitjaNemec_PlaceFootprints.place_footprints 156:Footprint P106 on root level
11-08 17:41:33 com_github_MitjaNemec_PlaceFootprints.place_footprints 156:Footprint B101 on root level
11-08 17:41:33 com_github_MitjaNemec_PlaceFootprints.place_footprints 156:Footprint P103 on root level
11-08 17:41:33 com_github_MitjaNemec_PlaceFootprints.place_footprints 156:Footprint B102 on root level
11-08 17:41:33 com_github_MitjaNemec_PlaceFootprints.place_footprints 156:Footprint P102 on root level
11-08 17:41:33 com_github_MitjaNemec_PlaceFootprints.place_footprints 156:Footprint P104 on root level
11-08 17:41:39 com_github_MitjaNemec_PlaceFootprints.action_place_footprints 717:Reference footprint='R196'
11-08 17:41:41 com_github_MitjaNemec_PlaceFootprints.action_place_footprints 858:Reference designator is: R
11-08 17:41:41 com_github_MitjaNemec_PlaceFootprints.action_place_footprints 859:Reference number is: 196
11-08 17:41:41 com_github_MitjaNemec_PlaceFootprints.action_place_footprints 891:Sorted and filtered list:
['R101', 'R102', 'R103', 'R104', 'R105', 'R106', 'R107', 'R108', 'R109', 'R110', 'R111', 'R112', 'R113', 'R114', 'R115', 'R116', 'R117', 'R118', 'R119', 'R120', 'R121', 'R122', 'R123', 'R124', 'R125', 'R126', 'R127', 'R128', 'R129', 'R130', 'R131', 'R132', 'R133', 'R134', 'R135', 'R136', 'R137', 'R138', 'R139', 'R140', 'R141', 'R142', 'R143', 'R144', 'R145', 'R146', 'R147', 'R148', 'R149', 'R150', 'R151', 'R152', 'R153', 'R154', 'R155', 'R156', 'R157', 'R158', 'R159', 'R160', 'R161', 'R162', 'R163', 'R164', 'R165', 'R166', 'R167', 'R168', 'R169', 'R170', 'R171', 'R172', 'R173', 'R174', 'R175', 'R176', 'R177', 'R178', 'R179', 'R180', 'R181', 'R182', 'R183', 'R184', 'R185', 'R186', 'R187', 'R188', 'R189', 'R190', 'R191', 'R192', 'R193', 'R194', 'R195', 'R196', 'R197', 'R198', 'R199', 'R200', 'R201', 'R202', 'R203', 'R204', 'R205', 'R206', 'R207', 'R208', 'R209', 'R210', 'R211', 'R212', 'R213', 'R214', 'R215', 'R216', 'R217', 'R218', 'R219', 'R220', 'R221', 'R222', 'R223', 'R224', 'R225', 'R226', 'R227', 'R228', 'R229', 'R230', 'R231', 'R232', 'R233', 'R234', 'R235', 'R236', 'R237', 'R238', 'R239', 'R240', 'R241', 'R242', 'R243', 'R244', 'R245', 'R246', 'R247', 'R248', 'R249', 'R250', 'R251', 'R252', 'R253', 'R254', 'R255', 'R256', 'R257', 'R258', 'R259', 'R260', 'R261', 'R262', 'R263', 'R264', 'R265', 'R266', 'R267', 'R268', 'R269', 'R270', 'R271', 'R272', 'R273', 'R274', 'R275', 'R276', 'R277', 'R278', 'R279', 'R280', 'R281', 'R282', 'R283', 'R284', 'R285', 'R286', 'R287', 'R288', 'R289', 'R290', 'R291', 'R292', 'R293', 'R294', 'R295', 'R296', 'R297', 'R298', 'R299', 'R300', 'R301', 'R302', 'R303', 'R304', 'R305', 'R306', 'R307', 'R308', 'R309', 'R310', 'R311', 'R312', 'R313', 'R314', 'R315', 'R316', 'R317', 'R318', 'R319', 'R320', 'R321', 'R322', 'R323', 'R324', 'R325', 'R326', 'R327', 'R328', 'R329', 'R330', 'R331', 'R332', 'R333', 'R334', 'R335', 'R336', 'R337', 'R338', 'R339', 'R340', 'R341', 'R342', 'R343', 'R344', 'R345', 'R346', 'R347', 'R348', 'R349', 'R350', 'R351']
11-08 17:41:41 com_github_MitjaNemec_PlaceFootprints.action_place_footprints 376:wx.Colour(240, 240, 240, 255)
11-08 17:41:55 com_github_MitjaNemec_PlaceFootprints.action_place_footprints 507:'5.25'
11-08 17:41:55 com_github_MitjaNemec_PlaceFootprints.action_place_footprints 559:Preparing config for reference circular
11-08 17:41:55 com_github_MitjaNemec_PlaceFootprints.action_place_footprints 573:Saving config file
11-08 17:41:55 com_github_MitjaNemec_PlaceFootprints.action_place_footprints 575:Saved the config file
11-08 17:41:55 com_github_MitjaNemec_PlaceFootprints.action_place_footprints 929:Footprints to place:
['R196', 'R197', 'R198']
11-08 17:41:55 com_github_MitjaNemec_PlaceFootprints.place_footprints 359:Starting placing with circular layout
11-08 17:41:55 com_github_MitjaNemec_PlaceFootprints.place_footprints 369:reference footprint position at: VECTOR2I(154750000, -103250000)
11-08 17:41:55 com_github_MitjaNemec_PlaceFootprints.place_footprints 374:rotation center at: (154750000, -98000000.0)
11-08 17:41:55 com_github_MitjaNemec_PlaceFootprints.place_footprints 506:Text of: R196 has property "Keep upright" rotation might not look as intended
11-08 17:41:55 com_github_MitjaNemec_PlaceFootprints.place_footprints 506:Text of: R196 has property "Keep upright" rotation might not look as intended
11-08 17:41:55 com_github_MitjaNemec_PlaceFootprints.place_footprints 506:Text of: R196 has property "Keep upright" rotation might not look as intended
11-08 17:41:55 com_github_MitjaNemec_PlaceFootprints.place_footprints 506:Text of: R196 has property "Keep upright" rotation might not look as intended
11-08 17:41:55 com_github_MitjaNemec_PlaceFootprints.place_footprints 506:Text of: R196 has property "Keep upright" rotation might not look as intended
11-08 17:41:55 com_github_MitjaNemec_PlaceFootprints.place_footprints 506:Text of: R196 has property "Keep upright" rotation might not look as intended
11-08 17:41:55 com_github_MitjaNemec_PlaceFootprints.action_place_footprints 944:Placing complete
